2026-07-31 12:04:50,610 INFO seo_tasks.tasks.backfill_slugs: Documents missing a slug: 5491
2026-07-31 12:04:50,618 ERROR backfill-slugs: backfill-slugs failed
Traceback (most recent call last):
  File "/opt/trackmp/seo-tasks/seo_tasks/cli.py", line 19, in run_all
    results[name] = fn()
                    ^^^^
  File "/opt/trackmp/seo-tasks/seo_tasks/retry.py", line 12, in wrapper
    return fn(*args, **kwargs)
           ^^^^^^^^^^^^^^^^^^^
  File "/opt/trackmp/seo-tasks/seo_tasks/tasks/backfill_slugs.py", line 62, in run
    final_slug = unique_slug_for(politicians, base, doc["_id"], existing)
                 ^^^^^^^^^^^^^^^^^^^^^^^^^^^^^^^^^^^^^^^^^^^^^^^^^^^^^^^^
TypeError: unique_slug_for() takes 3 positional arguments but 4 were given
2026-07-31 12:04:52,460 INFO seo_tasks.tasks.static_pages: Documents missing a slug: 5491
2026-07-31 12:05:02,362 INFO seo_tasks.tasks.static_pages: Done. 5491 documents processed.
2026-07-31 12:05:02,370 INFO seo_tasks.tasks.sitemap: Documents missing a slug: 0
2026-07-31 12:05:02,370 INFO seo_tasks.tasks.sitemap: Nothing to do.
2026-07-31 12:05:09,558 INFO seo_tasks.tasks.backfill_slugs: Documents missing a slug: 0
2026-07-31 12:05:09,559 INFO seo_tasks.tasks.backfill_slugs: Nothing to do.
2026-07-31 12:05:09,567 INFO seo_tasks.tasks.static_pages: Documents missing a slug: 0
2026-07-31 12:05:09,567 INFO seo_tasks.tasks.static_pages: Nothing to do.
2026-07-31 12:05:09,575 INFO seo_tasks.tasks.sitemap: Documents missing a slug: 0
2026-07-31 12:05:09,575 INFO seo_tasks.tasks.sitemap: Nothing to do.
2026-07-31 12:05:52,167 INFO seo_tasks.tasks.backfill_slugs: Documents missing a slug: 0
2026-07-31 12:05:52,167 INFO seo_tasks.tasks.backfill_slugs: Nothing to do.
2026-07-31 12:05:52,177 INFO seo_tasks.tasks.static_pages: Documents missing a slug: 0
2026-07-31 12:05:52,178 INFO seo_tasks.tasks.static_pages: Nothing to do.
2026-07-31 12:05:52,188 INFO seo_tasks.tasks.sitemap: Documents missing a slug: 0
2026-07-31 12:05:52,188 INFO seo_tasks.tasks.sitemap: Nothing to do.
2026-07-31 12:08:17,523 INFO seo_tasks.tasks.backfill_slugs: Documents missing a slug: 0
2026-07-31 12:08:17,523 INFO seo_tasks.tasks.backfill_slugs: Nothing to do.
2026-07-31 12:08:17,531 INFO seo_tasks.tasks.static_pages: Documents missing a slug: 0
2026-07-31 12:08:17,531 INFO seo_tasks.tasks.static_pages: Nothing to do.
2026-07-31 12:08:17,539 INFO seo_tasks.tasks.sitemap: Documents missing a slug: 0
2026-07-31 12:08:17,540 INFO seo_tasks.tasks.sitemap: Nothing to do.
2026-07-31 12:08:18,270 INFO seo_tasks.tasks.backfill_slugs: Documents missing a slug: 0
2026-07-31 12:08:18,270 INFO seo_tasks.tasks.backfill_slugs: Nothing to do.
2026-07-31 12:08:18,278 INFO seo_tasks.tasks.static_pages: Documents missing a slug: 0
2026-07-31 12:08:18,278 INFO seo_tasks.tasks.static_pages: Nothing to do.
2026-07-31 12:08:18,286 INFO seo_tasks.tasks.sitemap: Documents missing a slug: 0
2026-07-31 12:08:18,286 INFO seo_tasks.tasks.sitemap: Nothing to do.
2026-07-31 12:10:50,583 INFO seo_tasks.tasks.backfill_slugs: Documents missing a slug: 0
2026-07-31 12:10:50,583 INFO seo_tasks.tasks.backfill_slugs: Nothing to do.
2026-07-31 12:10:50,593 INFO seo_tasks.tasks.static_pages: Politicians to (re)generate: 5663
2026-07-31 12:10:53,438 INFO seo_tasks.tasks.static_pages: Generated 5663 static politician pages
2026-07-31 12:10:53,518 INFO seo_tasks.tasks.sitemap: sitemap index written (2 sub-sitemaps)
2026-07-31 12:13:14,216 INFO seo_tasks.tasks.backfill_slugs: Documents missing a slug: 0
2026-07-31 12:13:14,216 INFO seo_tasks.tasks.backfill_slugs: Nothing to do.
2026-07-31 12:13:14,224 INFO seo_tasks.tasks.static_pages: Politicians to (re)generate: 0
2026-07-31 12:13:14,225 INFO seo_tasks.tasks.static_pages: Nothing changed since last run.
2026-07-31 12:13:14,296 INFO seo_tasks.tasks.sitemap: sitemap index written (2 sub-sitemaps)
2026-07-31 12:13:27,193 INFO seo_tasks.tasks.backfill_slugs: Documents missing a slug: 0
2026-07-31 12:13:27,193 INFO seo_tasks.tasks.backfill_slugs: Nothing to do.
2026-07-31 12:13:27,202 INFO seo_tasks.tasks.static_pages: Politicians to (re)generate: 0
2026-07-31 12:13:27,202 INFO seo_tasks.tasks.static_pages: Nothing changed since last run.
2026-07-31 12:13:27,273 INFO seo_tasks.tasks.sitemap: sitemap index written (2 sub-sitemaps)
2026-07-31 12:13:34,914 INFO seo_tasks.tasks.backfill_slugs: Documents missing a slug: 0
2026-07-31 12:13:34,914 INFO seo_tasks.tasks.backfill_slugs: Nothing to do.
2026-07-31 12:13:34,923 INFO seo_tasks.tasks.static_pages: Politicians to (re)generate: 0
2026-07-31 12:13:34,923 INFO seo_tasks.tasks.static_pages: Nothing changed since last run.
2026-07-31 12:13:35,003 INFO seo_tasks.tasks.sitemap: sitemap index written (2 sub-sitemaps)
2026-07-31 12:13:46,018 INFO seo_tasks.tasks.backfill_slugs: Documents missing a slug: 0
2026-07-31 12:13:46,018 INFO seo_tasks.tasks.backfill_slugs: Nothing to do.
2026-07-31 12:13:46,027 INFO seo_tasks.tasks.static_pages: Politicians to (re)generate: 0
2026-07-31 12:13:46,028 INFO seo_tasks.tasks.static_pages: Nothing changed since last run.
2026-07-31 12:13:46,098 INFO seo_tasks.tasks.sitemap: sitemap index written (2 sub-sitemaps)
2026-07-31 12:17:48,330 INFO seo_tasks.tasks.backfill_slugs: Documents missing a slug: 0
2026-07-31 12:17:48,332 INFO seo_tasks.tasks.backfill_slugs: Nothing to do.
2026-07-31 12:17:48,338 INFO seo_tasks.tasks.static_pages: Politicians to (re)generate: 0
2026-07-31 12:17:48,339 INFO seo_tasks.tasks.static_pages: Nothing changed since last run.
2026-07-31 12:17:48,410 INFO seo_tasks.tasks.sitemap: sitemap index written (2 sub-sitemaps)
2026-08-01 17:38:36,174 INFO seo_tasks.tasks.backfill_slugs: Documents missing a slug: 0
2026-08-01 17:38:36,176 INFO seo_tasks.tasks.backfill_slugs: Nothing to do.
2026-08-01 17:38:36,204 INFO seo_tasks.tasks.static_pages: Politicians to (re)generate: 1
2026-08-01 17:38:36,220 INFO seo_tasks.tasks.static_pages: Generated 1 static politician pages
2026-08-01 17:38:36,308 INFO seo_tasks.tasks.sitemap: sitemap index written (2 sub-sitemaps)
2026-08-01 17:43:31,414 INFO seo_tasks.tasks.backfill_slugs: Documents missing a slug: 0
2026-08-01 17:43:31,414 INFO seo_tasks.tasks.backfill_slugs: Nothing to do.
2026-08-01 17:43:31,423 INFO seo_tasks.tasks.static_pages: Politicians to (re)generate: 0
2026-08-01 17:43:31,424 INFO seo_tasks.tasks.static_pages: Nothing changed since last run.
2026-08-01 17:43:31,496 INFO seo_tasks.tasks.sitemap: sitemap index written (2 sub-sitemaps)
2026-08-01 17:43:52,342 INFO seo_tasks.tasks.backfill_slugs: Documents missing a slug: 0
2026-08-01 17:43:52,342 INFO seo_tasks.tasks.backfill_slugs: Nothing to do.
2026-08-01 17:43:52,350 INFO seo_tasks.tasks.static_pages: Politicians to (re)generate: 0
2026-08-01 17:43:52,350 INFO seo_tasks.tasks.static_pages: Nothing changed since last run.
2026-08-01 17:43:52,421 INFO seo_tasks.tasks.sitemap: sitemap index written (2 sub-sitemaps)
2026-08-01 17:50:07,015 INFO seo_tasks.tasks.backfill_slugs: Documents missing a slug: 0
2026-08-01 17:50:07,017 INFO seo_tasks.tasks.backfill_slugs: Nothing to do.
2026-08-01 17:50:07,025 INFO seo_tasks.tasks.static_pages: Politicians to (re)generate: 1
2026-08-01 17:50:07,032 INFO seo_tasks.tasks.static_pages: Generated 1 static politician pages
2026-08-01 17:50:07,105 INFO seo_tasks.tasks.sitemap: sitemap index written (2 sub-sitemaps)
2026-08-02 04:54:21,769 INFO seo_tasks.tasks.backfill_slugs: Documents missing a slug: 0
2026-08-02 04:54:21,773 INFO seo_tasks.tasks.backfill_slugs: Nothing to do.
2026-08-02 04:54:22,121 INFO seo_tasks.tasks.static_pages: Politicians to (re)generate: 0
2026-08-02 04:54:22,121 INFO seo_tasks.tasks.static_pages: Nothing changed since last run.
2026-08-02 04:54:22,632 INFO seo_tasks.tasks.sitemap: sitemap index written (2 sub-sitemaps)
